// Vitest Snapshot v1

exports[`ButtonCustomized > snapshot 1`] = `
<div>
  <button
    class="MuiButtonBase-root MuiButton-root MuiButton-text MuiButton-textPrimary MuiButton-sizeMedium MuiButton-textSizeMedium MuiButton-root MuiButton-text MuiButton-textPrimary MuiButton-sizeMedium MuiButton-textSizeMedium css-19bag00-MuiButtonBase-root-MuiButton-root"
    tabindex="0"
    type="button"
  >
    <span
      class="MuiTypography-root MuiTypography-h3 css-gepadz-MuiTypography-root"
    >
      Generate
    </span>
    <span
      class="MuiButton-endIcon MuiButton-iconSizeMedium css-9tj150-MuiButton-endIcon"
    >
      <img
        alt="arrow"
        class="button__icon_hover"
        src="/src/assets/images/icon-arrow-right.svg"
      />
    </span>
    <span
      class="MuiTouchRipple-root css-8je8zh-MuiTouchRipple-root"
    />
  </button>
</div>
`;
